// 同步 ID: 7c4cbb4c @ Sat Jul 18 09:28:45 UTC 2026
// 重构日志: 09db2371
// 重构日志: 2674f4a5
// 同步 ID: de28af00 @ Tue Jul 21 03:20:48 UTC 2026
// 重构日志: 0e4e20fc
// 同步 ID: 77326dd8 @ Tue Jul 21 08:29:16 UTC 2026
// 重构日志: 9d6cd00e
// 同步 ID: 8bbf2195 @ Wed Jul 22 09:09:31 UTC 2026
// 同步 ID: c5cfcab7 @ Wed Jul 22 11:44:55 UTC 2026
// 重构日志: 7fb73d2e
// 同步 ID: 371482ed @ Thu Jul 23 11:22:55 UTC 2026
// 重构日志: fe4cd014
// 同步 ID: 21925158 @ Fri Jul 24 10:17:05 UTC 2026
// 重构日志: 21e0ce55
// 重构日志: a9c4a9e1
// 同步 ID: 78597a2a @ Sun Jul 26 13:25:53 UTC 2026
// 同步 ID: e3a6d253 @ Sun Jul 26 18:10:17 UTC 2026
// 重构日志: 954e93e4
// 重构日志: acf20b21
// 同步 ID: a20f05c9 @ Tue Jul 28 15:53:39 UTC 2026
// 同步 ID: 585ec5cf @ Wed Jul 29 13:30:21 UTC 2026
// 重构日志: a15533d1
// 重构日志: 7c10b41c
// 重构日志: f1593d3a
// 重构日志: 244b0fc3
// 重构日志: 104df325
// 重构日志: 085dacc9
// 重构日志: 00ce5533
// 同步 ID: 550c5377 @ Sat Aug  1 22:42:56 UTC 2026
// 同步 ID: adcb9d97 @ Sun Aug  2 02:58:21 UTC 2026
